2026-05-21 02:07:03.710 | INFO     | fdi_pln_2611_p5.training.experiment_exploration:run_experiment_exploration:395 - Exploración de experimentos · dispositivo=cuda · 5 épocas/exp
2026-05-21 02:07:03.710 | INFO     | fdi_pln_2611_p5.training.experiment_exploration:run_single_experiment:285 - ══ Experimento corpus_alice — Solo Alice (sin Harry Potter) ══
2026-05-21 02:07:03.711 | INFO     | fdi_pln_2611_p5.training.experiment_exploration:run_single_experiment:289 - BPE: corpus=alice_only · vocab_size=300 · caché=/scratch/javimartin/p5/fdi_pln_2611_p5/data/experiments/corpus_alice
2026-05-21 02:07:03.714 | INFO     | fdi_pln_2611_p5.training.causal:prepare_tokenizer_and_tokens:32 - Corpus entrenamiento: solo Alice (sin Harry Potter)
Entrenando BPE ━━━━━━━━━━━━━━━━━━━━━━━━━━━━━━━━━━━━━━━━ 249/249 merges 0:00:08
2026-05-21 02:07:20.809 | INFO     | fdi_pln_2611_p5.training.experiment_exploration:run_single_experiment:298 - BPE listo: 300 tokens en vocab · 140584 tokens train · caché /scratch/javimartin/p5/fdi_pln_2611_p5/data/experiments/corpus_alice
2026-05-21 02:07:20.950 | INFO     | fdi_pln_2611_p5.training.experiment_exploration:run_single_experiment:307 - Construyendo ventanas (window=128) sobre 140584 tokens train…
2026-05-21 02:07:23.407 | INFO     | fdi_pln_2611_p5.training.experiment_exploration:run_single_experiment:313 - Ventanas train: 140456
2026-05-21 02:07:23.407 | INFO     | fdi_pln_2611_p5.training.experiment_exploration:run_single_experiment:314 - Construyendo ventanas test sobre 140584 tokens…
2026-05-21 02:07:25.813 | INFO     | fdi_pln_2611_p5.training.experiment_exploration:run_single_experiment:319 - Ventanas test: 140456
2026-05-21 02:07:25.813 | INFO     | fdi_pln_2611_p5.training.experiment_exploration:run_single_experiment:323 - Entrenamiento: 2195 batches/época × 5 épocas (batch_size=64)
exp corpus_alice ━━━━━━━━━━━━━━━━━━━━━━━━━━━━━━━━━━━━━━━━ 10975/10975 batches 0:11:36
2026-05-21 02:19:38.076 | INFO     | fdi_pln_2611_p5.training.experiment_exploration:_save_experiment_artifacts:248 - Pesos guardados en /scratch/javimartin/p5/fdi_pln_2611_p5/data/experiments/corpus_alice/model.pth
2026-05-21 02:19:38.076 | INFO     | fdi_pln_2611_p5.training.experiment_exploration:_save_experiment_artifacts:249 - Config guardada en /scratch/javimartin/p5/fdi_pln_2611_p5/data/experiments/corpus_alice/experiment_config.json
2026-05-21 02:19:38.095 | INFO     | fdi_pln_2611_p5.training.experiment_exploration:run_experiment_exploration:434 -   → corpus_alice val_loss=2.8557 (mejor época 5 val=2.8557)
2026-05-21 02:19:38.095 | INFO     | fdi_pln_2611_p5.training.experiment_exploration:run_single_experiment:285 - ══ Experimento corpus_alice_hp4 — Alice + 4 libros Harry Potter ══
2026-05-21 02:19:38.095 | INFO     | fdi_pln_2611_p5.training.experiment_exploration:run_single_experiment:289 - BPE: corpus=alice_hp4 · vocab_size=300 · caché=/scratch/javimartin/p5/fdi_pln_2611_p5/data/experiments/corpus_alice_hp4
2026-05-21 02:19:38.130 | INFO     | fdi_pln_2611_p5.training.causal:prepare_tokenizer_and_tokens:34 - Corpus entrenamiento: Alice + 4 primeros libros HP (2538517 caracteres HP)
Entrenando BPE ━━━━━━━━━━━━━━━━━━━━━━━━━━━━━━━━━━━━━━━━ 241/241 merges 0:01:19
2026-05-21 02:21:40.631 | INFO     | fdi_pln_2611_p5.training.experiment_exploration:run_single_experiment:298 - BPE listo: 300 tokens en vocab · 1257082 tokens train · caché /scratch/javimartin/p5/fdi_pln_2611_p5/data/experiments/corpus_alice_hp4
2026-05-21 02:21:40.673 | INFO     | fdi_pln_2611_p5.training.experiment_exploration:run_single_experiment:307 - Construyendo ventanas (window=128) sobre 1257082 tokens train…
2026-05-21 02:22:05.750 | INFO     | fdi_pln_2611_p5.training.experiment_exploration:run_single_experiment:313 - Ventanas train: 1256954
2026-05-21 02:22:05.750 | INFO     | fdi_pln_2611_p5.training.experiment_exploration:run_single_experiment:314 - Construyendo ventanas test sobre 151308 tokens…
2026-05-21 02:22:08.032 | INFO     | fdi_pln_2611_p5.training.experiment_exploration:run_single_experiment:319 - Ventanas test: 151180
2026-05-21 02:22:08.032 | INFO     | fdi_pln_2611_p5.training.experiment_exploration:run_single_experiment:323 - Entrenamiento: 19640 batches/época × 5 épocas (batch_size=64)
exp corpus_alice_hp4 ━━━━━━━━━━━━━━━━━━━━━━━━━━━━━━━━━━━━━━━━ 98200/98200 batches 1:25:35
2026-05-21 03:48:21.416 | INFO     | fdi_pln_2611_p5.training.experiment_exploration:_save_experiment_artifacts:248 - Pesos guardados en /scratch/javimartin/p5/fdi_pln_2611_p5/data/experiments/corpus_alice_hp4/model.pth
2026-05-21 03:48:21.416 | INFO     | fdi_pln_2611_p5.training.experiment_exploration:_save_experiment_artifacts:249 - Config guardada en /scratch/javimartin/p5/fdi_pln_2611_p5/data/experiments/corpus_alice_hp4/experiment_config.json
2026-05-21 03:48:21.499 | INFO     | fdi_pln_2611_p5.training.experiment_exploration:run_experiment_exploration:434 -   → corpus_alice_hp4 val_loss=4.9214 (mejor época 5 val=4.9214)
2026-05-21 03:48:21.499 | INFO     | fdi_pln_2611_p5.training.experiment_exploration:run_single_experiment:285 - ══ Experimento window_64 — Ventana 64 (Alice + 4 HP) ══
2026-05-21 03:48:21.499 | INFO     | fdi_pln_2611_p5.training.experiment_exploration:run_single_experiment:289 - BPE: corpus=alice_hp4 · vocab_size=300 · caché=/scratch/javimartin/p5/fdi_pln_2611_p5/data/experiments/window_64
2026-05-21 03:48:21.533 | INFO     | fdi_pln_2611_p5.training.causal:prepare_tokenizer_and_tokens:34 - Corpus entrenamiento: Alice + 4 primeros libros HP (2538517 caracteres HP)
Entrenando BPE ━━━━━━━━━━━━━━━━━━━━━━━━━━━━━━━━━━━━━━━━ 241/241 merges 0:01:20
2026-05-21 03:50:26.600 | INFO     | fdi_pln_2611_p5.training.experiment_exploration:run_single_experiment:298 - BPE listo: 300 tokens en vocab · 1257082 tokens train · caché /scratch/javimartin/p5/fdi_pln_2611_p5/data/experiments/window_64
2026-05-21 03:50:26.640 | INFO     | fdi_pln_2611_p5.training.experiment_exploration:run_single_experiment:307 - Construyendo ventanas (window=64) sobre 1257082 tokens train…
2026-05-21 03:50:39.552 | INFO     | fdi_pln_2611_p5.training.experiment_exploration:run_single_experiment:313 - Ventanas train: 1257018
2026-05-21 03:50:39.553 | INFO     | fdi_pln_2611_p5.training.experiment_exploration:run_single_experiment:314 - Construyendo ventanas test sobre 151308 tokens…
2026-05-21 03:50:40.759 | INFO     | fdi_pln_2611_p5.training.experiment_exploration:run_single_experiment:319 - Ventanas test: 151244
2026-05-21 03:50:40.760 | INFO     | fdi_pln_2611_p5.training.experiment_exploration:run_single_experiment:323 - Entrenamiento: 19641 batches/época × 5 épocas (batch_size=64)
exp window_64 ━━━━━━━━━━━━━━━━━━━━━━━━━━━━━━━━━━━━━━━━ 98205/98205 batches 0:39:31
2026-05-21 04:30:28.940 | INFO     | fdi_pln_2611_p5.training.experiment_exploration:_save_experiment_artifacts:248 - Pesos guardados en /scratch/javimartin/p5/fdi_pln_2611_p5/data/experiments/window_64/model.pth
2026-05-21 04:30:28.941 | INFO     | fdi_pln_2611_p5.training.experiment_exploration:_save_experiment_artifacts:249 - Config guardada en /scratch/javimartin/p5/fdi_pln_2611_p5/data/experiments/window_64/experiment_config.json
2026-05-21 04:30:28.978 | INFO     | fdi_pln_2611_p5.training.experiment_exploration:run_experiment_exploration:434 -   → window_64 val_loss=4.8863 (mejor época 5 val=4.8863)
2026-05-21 04:30:28.983 | INFO     | fdi_pln_2611_p5.training.experiment_exploration:run_experiment_exploration:423 -   → window_128 reutiliza entrenamiento de corpus_alice_hp4 (misma config); artefactos copiados a /scratch/javimartin/p5/fdi_pln_2611_p5/data/experiments/window_128
2026-05-21 04:30:28.983 | INFO     | fdi_pln_2611_p5.training.experiment_exploration:run_single_experiment:285 - ══ Experimento vocab_200 — Vocabulario BPE = 200 ══
2026-05-21 04:30:28.983 | INFO     | fdi_pln_2611_p5.training.experiment_exploration:run_single_experiment:289 - BPE: corpus=alice_hp4 · vocab_size=200 · caché=/scratch/javimartin/p5/fdi_pln_2611_p5/data/experiments/vocab_200
2026-05-21 04:30:29.017 | INFO     | fdi_pln_2611_p5.training.causal:prepare_tokenizer_and_tokens:34 - Corpus entrenamiento: Alice + 4 primeros libros HP (2538517 caracteres HP)
Entrenando BPE ━━━━━━━━━━━━━━━━━━━━━━━━━━━━━━━━━━━━━━━━ 141/141 merges 0:00:51
2026-05-21 04:31:49.678 | INFO     | fdi_pln_2611_p5.training.experiment_exploration:run_single_experiment:298 - BPE listo: 200 tokens en vocab · 1437207 tokens train · caché /scratch/javimartin/p5/fdi_pln_2611_p5/data/experiments/vocab_200
2026-05-21 04:31:49.719 | INFO     | fdi_pln_2611_p5.training.experiment_exploration:run_single_experiment:307 - Construyendo ventanas (window=128) sobre 1437207 tokens train…
2026-05-21 04:32:17.426 | INFO     | fdi_pln_2611_p5.training.experiment_exploration:run_single_experiment:313 - Ventanas train: 1437079
2026-05-21 04:32:17.426 | INFO     | fdi_pln_2611_p5.training.experiment_exploration:run_single_experiment:314 - Construyendo ventanas test sobre 171329 tokens…
2026-05-21 04:32:20.212 | INFO     | fdi_pln_2611_p5.training.experiment_exploration:run_single_experiment:319 - Ventanas test: 171201
2026-05-21 04:32:20.212 | INFO     | fdi_pln_2611_p5.training.experiment_exploration:run_single_experiment:323 - Entrenamiento: 22455 batches/época × 5 épocas (batch_size=64)
exp vocab_200 ━━━━━━━━━━━━━━━━━━━━━━━━━━━━━━━━━━━━━━━━ 112275/112275 batches 1:36:57
2026-05-21 06:09:59.953 | INFO     | fdi_pln_2611_p5.training.experiment_exploration:_save_experiment_artifacts:248 - Pesos guardados en /scratch/javimartin/p5/fdi_pln_2611_p5/data/experiments/vocab_200/model.pth
2026-05-21 06:09:59.953 | INFO     | fdi_pln_2611_p5.training.experiment_exploration:_save_experiment_artifacts:249 - Config guardada en /scratch/javimartin/p5/fdi_pln_2611_p5/data/experiments/vocab_200/experiment_config.json
2026-05-21 06:10:00.048 | INFO     | fdi_pln_2611_p5.training.experiment_exploration:run_experiment_exploration:434 -   → vocab_200 val_loss=4.7063 (mejor época 5 val=4.7063)
2026-05-21 06:10:00.052 | INFO     | fdi_pln_2611_p5.training.experiment_exploration:run_experiment_exploration:423 -   → vocab_300 reutiliza entrenamiento de corpus_alice_hp4 (misma config); artefactos copiados a /scratch/javimartin/p5/fdi_pln_2611_p5/data/experiments/vocab_300
2026-05-21 06:10:00.052 | INFO     | fdi_pln_2611_p5.training.experiment_exploration:run_single_experiment:285 - ══ Experimento depth_2 — Profundidad = 2 bloques Transformer ══
2026-05-21 06:10:00.053 | INFO     | fdi_pln_2611_p5.training.experiment_exploration:run_single_experiment:289 - BPE: corpus=alice_hp4 · vocab_size=300 · caché=/scratch/javimartin/p5/fdi_pln_2611_p5/data/experiments/depth_2
2026-05-21 06:10:00.087 | INFO     | fdi_pln_2611_p5.training.causal:prepare_tokenizer_and_tokens:34 - Corpus entrenamiento: Alice + 4 primeros libros HP (2538517 caracteres HP)
Entrenando BPE ━━━━━━━━━━━━━━━━━━━━━━━━━━━━━━━━━━━━━━━━ 241/241 merges 0:01:19
2026-05-21 06:12:03.753 | INFO     | fdi_pln_2611_p5.training.experiment_exploration:run_single_experiment:298 - BPE listo: 300 tokens en vocab · 1257082 tokens train · caché /scratch/javimartin/p5/fdi_pln_2611_p5/data/experiments/depth_2
2026-05-21 06:12:03.779 | INFO     | fdi_pln_2611_p5.training.experiment_exploration:run_single_experiment:307 - Construyendo ventanas (window=128) sobre 1257082 tokens train…
2026-05-21 06:12:28.878 | INFO     | fdi_pln_2611_p5.training.experiment_exploration:run_single_experiment:313 - Ventanas train: 1256954
2026-05-21 06:12:28.878 | INFO     | fdi_pln_2611_p5.training.experiment_exploration:run_single_experiment:314 - Construyendo ventanas test sobre 151308 tokens…
2026-05-21 06:12:31.162 | INFO     | fdi_pln_2611_p5.training.experiment_exploration:run_single_experiment:319 - Ventanas test: 151180
2026-05-21 06:12:31.162 | INFO     | fdi_pln_2611_p5.training.experiment_exploration:run_single_experiment:323 - Entrenamiento: 19640 batches/época × 5 épocas (batch_size=64)
exp depth_2 ━━━━━━━━━━━━━━━━━━━━━━━━━━━━━━━━━━━━━━━━ 98200/98200 batches 0:46:06
2026-05-21 06:58:58.904 | INFO     | fdi_pln_2611_p5.training.experiment_exploration:_save_experiment_artifacts:248 - Pesos guardados en /scratch/javimartin/p5/fdi_pln_2611_p5/data/experiments/depth_2/model.pth
2026-05-21 06:58:58.904 | INFO     | fdi_pln_2611_p5.training.experiment_exploration:_save_experiment_artifacts:249 - Config guardada en /scratch/javimartin/p5/fdi_pln_2611_p5/data/experiments/depth_2/experiment_config.json
2026-05-21 06:58:58.983 | INFO     | fdi_pln_2611_p5.training.experiment_exploration:run_experiment_exploration:434 -   → depth_2 val_loss=4.9628 (mejor época 5 val=4.9628)
2026-05-21 06:58:58.988 | INFO     | fdi_pln_2611_p5.training.experiment_exploration:run_experiment_exploration:423 -   → depth_4 reutiliza entrenamiento de corpus_alice_hp4 (misma config); artefactos copiados a /scratch/javimartin/p5/fdi_pln_2611_p5/data/experiments/depth_4
2026-05-21 06:58:58.988 | INFO     | fdi_pln_2611_p5.training.experiment_exploration:run_experiment_exploration:466 - Resultados JSON: /scratch/javimartin/p5/fdi_pln_2611_p5/data/experiment_results.json
2026-05-21 06:58:58.989 | INFO     | fdi_pln_2611_p5.training.experiment_exploration:run_experiment_exploration:469 - Informe HTML: /scratch/javimartin/p5/fdi_pln_2611_p5/data/informe_experimentos.html
                              Exploración de experimentos (8 runs)                               
┏━━━━━━━━━━━━━━━━━━┳━━━━━━━━━━━━━━━━━━━━━┳━━━━━━━━┳━━━━━━━━━━┳━━━━━━━━━━━━━━━━┳━━━━━━━━━━━━━┳━━━┓
┃ ID               ┃ Corpus train        ┃ Window ┃ Val loss ┃ Ventanas train ┃ Mejor época ┃   ┃
┡━━━━━━━━━━━━━━━━━━╇━━━━━━━━━━━━━━━━━━━━━╇━━━━━━━━╇━━━━━━━━━━╇━━━━━━━━━━━━━━━━╇━━━━━━━━━━━━━╇━━━┩
│ corpus_alice     │ solo Alice          │    128 │   2.8557 │         140456 │           5 │ ★ │
├──────────────────┼─────────────────────┼────────┼──────────┼────────────────┼─────────────┼───┤
│ vocab_200        │ Alice + 4 libros HP │    128 │   4.7063 │        1437079 │           5 │   │
├──────────────────┼─────────────────────┼────────┼──────────┼────────────────┼─────────────┼───┤
│ window_64        │ Alice + 4 libros HP │     64 │   4.8863 │        1257018 │           5 │   │
├──────────────────┼─────────────────────┼────────┼──────────┼────────────────┼─────────────┼───┤
│ corpus_alice_hp4 │ Alice + 4 libros HP │    128 │   4.9214 │        1256954 │           5 │   │
├──────────────────┼─────────────────────┼────────┼──────────┼────────────────┼─────────────┼───┤
│ window_128       │ Alice + 4 libros HP │    128 │   4.9214 │        1256954 │           5 │   │
├──────────────────┼─────────────────────┼────────┼──────────┼────────────────┼─────────────┼───┤
│ vocab_300        │ Alice + 4 libros HP │    128 │   4.9214 │        1256954 │           5 │   │
├──────────────────┼─────────────────────┼────────┼──────────┼────────────────┼─────────────┼───┤
│ depth_4          │ Alice + 4 libros HP │    128 │   4.9214 │        1256954 │           5 │   │
├──────────────────┼─────────────────────┼────────┼──────────┼────────────────┼─────────────┼───┤
│ depth_2          │ Alice + 4 libros HP │    128 │   4.9628 │        1256954 │           5 │   │
└──────────────────┴─────────────────────┴────────┴──────────┴────────────────┴─────────────┴───┘
